// Jest Snapshot v1, https://goo.gl/fbAQLP

exports[`AppComponent debe hacer match con el snapshot 1`] = `
<div
  id="root3"
>
  <h1>
    testing-curso-Fernando-Herrera
  </h1>
  <router-outlet />
  
</div>
`;
